
[akama@nixos:~/Documents/zk-ban-comparison-targets/abration/bench]$  go test -bench . --benchtime 20x
ready...
constraints=958237 ccs_size=106.754 MB proving_key_size=471.295 MB
start...
goos: linux
goarch: amd64
pkg: github.com/akakou/zk-ban-comparisons/abration/bench
cpu: Intel(R) Core(TM) i9-14900
BenchmarkClassic/revocations=2569-32         	ready...
constraints=958237 ccs_size=106.754 MB proving_key_size=471.295 MB
start...
      20	2990568832 ns/op
ready...
constraints=296908 ccs_size=32.809 MB proving_key_size=165.172 MB
start...
BenchmarkClassic/revocations=796-32          	ready...
constraints=296908 ccs_size=32.809 MB proving_key_size=165.172 MB
start...
      20	1145843780 ns/op
ready...
constraints=11190000 ccs_size=1.482 GB proving_key_size=5.939 GB
start...
BenchmarkClassic/revocations=30000-32        	ready...
constraints=11190000 ccs_size=1.482 GB proving_key_size=5.939 GB
start...
      20	35166772969 ns/op
ready...
constraints=59570 ccs_size=5.447 MB proving_key_size=27.076 MB
start...
BenchmarkZKBan/circuit_sizes=3697,113,99,68,48,6,4,2,2,1,1,1,1,1,1,1,1,1-32         	ready...
constraints=59570 ccs_size=5.447 MB proving_key_size=27.076 MB
start...
      20	 228734982 ns/op
ready...
constraints=215550 ccs_size=12.946 MB proving_key_size=89.105 MB
start...
BenchmarkZKBan/circuit_sizes=1000,1000,1000,1000,1000,1000,1000,1000,1000,1000,1000,1000,1000,1000,1000,1000,1000,1000,1000,1000,1000,1000,1000,1000,1000,1000,1000,1000,1000,1000-32         	ready...
constraints=215550 ccs_size=12.946 MB proving_key_size=89.105 MB
start...
      20	 646682030 ns/op
PASS
ok  	github.com/akakou/zk-ban-comparisons/abration/bench	1680.667s

[akama@nixos:~/Documents/zk-ban-comparison-targets/abration/bench]$


